// Jest Snapshot v1, https://goo.gl/fbAQLP

exports[`<testMain /> should render and match the snapshot 1`] = `
Object {
  "asFragment": [Function],
  "baseElement": <body>
    <div>
      <div
        class="main container"
      >
        <section
          class="search"
        >
          <div
            class="wrapper"
          >
            <input
              autocomplete="off"
              class="search_input"
              name="search"
              placeholder="Search ..."
              tabindex="0"
              value="enter text"
            />
            <div
              class="search_icon"
            >
              <img
                alt="search icon"
                class="icon"
                src="search.svg"
              />
            </div>
          </div>
        </section>
        <div
          class="catalog"
        >
          <div
            class="good"
          >
            <img
              alt="Zefirka"
              class="good_img"
              src="/assets/catalogItems/Zefirka.svg"
            />
            <div>
               
              <strong>
                Knitted yarn
              </strong>
            </div>
            <strong>
              Zefirka
            </strong>
            <div>
              100%  cotton
            </div>
            <div>
               weight: 
              380 g
            </div>
            <div>
              thread length: 
              100 m
            </div>
            <div>
               price: 
              17
               $.
            </div>
            <button
              class="good_btn-inactiv"
              type="button"
            >
              <img
                alt=""
                class="icon"
                src="basket_icon.svg"
              />
              Add
            </button>
          </div>
          <div
            class="good"
          >
            <img
              alt="Sling Print"
              class="good_img"
              src="/assets/catalogItems/Arachna.svg"
            />
            <div>
               
              <strong>
                Knitted yarn
              </strong>
            </div>
            <strong>
              Sling Print
            </strong>
            <div>
              100%  cotton
            </div>
            <div>
               weight: 
              160 g
            </div>
            <div>
              thread length: 
              50 m
            </div>
            <div>
               price: 
              16
               $.
            </div>
            <button
              class="good_btn-inactiv"
              type="button"
            >
              <img
                alt=""
                class="icon"
                src="basket_icon.svg"
              />
              Add
            </button>
          </div>
          <div
            class="good"
          >
            <img
              alt="Merino Flame"
              class="good_img"
              src="/assets/catalogItems/Katia_Merino_Flame.svg"
            />
            <div>
               
              <strong>
                Knitted yarn
              </strong>
            </div>
            <strong>
              Merino Flame
            </strong>
            <div>
              74% merino, 26%  cotton
            </div>
            <div>
               weight: 
              50 g
            </div>
            <div>
              thread length: 
              80 m
            </div>
            <div>
               price: 
              10
               $.
            </div>
            <button
              class="good_btn-inactiv"
              type="button"
            >
              <img
                alt=""
                class="icon"
                src="basket_icon.svg"
              />
              Add
            </button>
          </div>
          <div
            class="good"
          >
            <img
              alt="Macrame MAXI"
              class="good_img"
              src="/assets/catalogItems/Archna_Macrame_MAXI.svg"
            />
            <div>
               
              <strong>
                Knitted yarn
              </strong>
            </div>
            <strong>
              Macrame MAXI
            </strong>
            <div>
              74% merino, 26%  cotton
            </div>
            <div>
               weight: 
              50 g
            </div>
            <div>
              thread length: 
              80 m
            </div>
            <div>
               price: 
              10
               $.
            </div>
            <button
              class="good_btn-inactiv"
              type="button"
            >
              <img
                alt=""
                class="icon"
                src="basket_icon.svg"
              />
              Add
            </button>
          </div>
          <div
            class="good"
          >
            <img
              alt="Macrame MINI"
              class="good_img"
              src="/assets/catalogItems/Archna_Macrame_MINI.svg"
            />
            <div>
               
              <strong>
                Knitted yarn
              </strong>
            </div>
            <strong>
              Macrame MINI
            </strong>
            <div>
              74% merino, 26%  cotton
            </div>
            <div>
               weight: 
              50 g
            </div>
            <div>
              thread length: 
              80 m
            </div>
            <div>
               price: 
              10
               $.
            </div>
            <button
              class="good_btn-inactiv"
              type="button"
            >
              <img
                alt=""
                class="icon"
                src="basket_icon.svg"
              />
              Add
            </button>
          </div>
          <div
            class="good"
          >
            <img
              alt="Fibra Natura"
              class="good_img"
              src="/assets/catalogItems/Papyrus_Fibra_Natura.jpg"
            />
            <div>
               
              <strong>
                Knitted yarn
              </strong>
            </div>
            <strong>
              Fibra Natura
            </strong>
            <div>
              100%  cotton
            </div>
            <div>
               weight: 
              50 g
            </div>
            <div>
              thread length: 
              120 m
            </div>
            <div>
               price: 
              20
               $.
            </div>
            <button
              class="good_btn-inactiv"
              type="button"
            >
              <img
                alt=""
                class="icon"
                src="basket_icon.svg"
              />
              Add
            </button>
          </div>
          <div
            class="good"
          >
            <img
              alt="Angora Gold"
              class="good_img"
              src="/assets/catalogItems/Alize_Angora_Gold.jpg"
            />
            <div>
               
              <strong>
                Knitted yarn
              </strong>
            </div>
            <strong>
              Angora Gold
            </strong>
            <div>
              74% merino, 26%  cotton
            </div>
            <div>
               weight: 
              50 g
            </div>
            <div>
              thread length: 
              80 m
            </div>
            <div>
               price: 
              10
               $.
            </div>
            <button
              class="good_btn-inactiv"
              type="button"
            >
              <img
                alt=""
                class="icon"
                src="basket_icon.svg"
              />
              Add
            </button>
          </div>
          <div
            class="good"
          >
            <img
              alt="Flame"
              class="good_img"
              src="/assets/catalogItems/Vento_DItalia_Angora_Rabbit.jpg"
            />
            <div>
               
              <strong>
                Knitted yarn
              </strong>
            </div>
            <strong>
              Flame
            </strong>
            <div>
              70% fluff, 30% nylon
            </div>
            <div>
               weight: 
              50 g
            </div>
            <div>
              thread length: 
              350 m
            </div>
            <div>
               price: 
              52
               $.
            </div>
            <button
              class="good_btn-inactiv"
              type="button"
            >
              <img
                alt=""
                class="icon"
                src="basket_icon.svg"
              />
              Add
            </button>
          </div>
        </div>
      </div>
    </div>
  </body>,
  "container": <div>
    <div
      class="main container"
    >
      <section
        class="search"
      >
        <div
          class="wrapper"
        >
          <input
            autocomplete="off"
            class="search_input"
            name="search"
            placeholder="Search ..."
            tabindex="0"
            value="enter text"
          />
          <div
            class="search_icon"
          >
            <img
              alt="search icon"
              class="icon"
              src="search.svg"
            />
          </div>
        </div>
      </section>
      <div
        class="catalog"
      >
        <div
          class="good"
        >
          <img
            alt="Zefirka"
            class="good_img"
            src="/assets/catalogItems/Zefirka.svg"
          />
          <div>
             
            <strong>
              Knitted yarn
            </strong>
          </div>
          <strong>
            Zefirka
          </strong>
          <div>
            100%  cotton
          </div>
          <div>
             weight: 
            380 g
          </div>
          <div>
            thread length: 
            100 m
          </div>
          <div>
             price: 
            17
             $.
          </div>
          <button
            class="good_btn-inactiv"
            type="button"
          >
            <img
              alt=""
              class="icon"
              src="basket_icon.svg"
            />
            Add
          </button>
        </div>
        <div
          class="good"
        >
          <img
            alt="Sling Print"
            class="good_img"
            src="/assets/catalogItems/Arachna.svg"
          />
          <div>
             
            <strong>
              Knitted yarn
            </strong>
          </div>
          <strong>
            Sling Print
          </strong>
          <div>
            100%  cotton
          </div>
          <div>
             weight: 
            160 g
          </div>
          <div>
            thread length: 
            50 m
          </div>
          <div>
             price: 
            16
             $.
          </div>
          <button
            class="good_btn-inactiv"
            type="button"
          >
            <img
              alt=""
              class="icon"
              src="basket_icon.svg"
            />
            Add
          </button>
        </div>
        <div
          class="good"
        >
          <img
            alt="Merino Flame"
            class="good_img"
            src="/assets/catalogItems/Katia_Merino_Flame.svg"
          />
          <div>
             
            <strong>
              Knitted yarn
            </strong>
          </div>
          <strong>
            Merino Flame
          </strong>
          <div>
            74% merino, 26%  cotton
          </div>
          <div>
             weight: 
            50 g
          </div>
          <div>
            thread length: 
            80 m
          </div>
          <div>
             price: 
            10
             $.
          </div>
          <button
            class="good_btn-inactiv"
            type="button"
          >
            <img
              alt=""
              class="icon"
              src="basket_icon.svg"
            />
            Add
          </button>
        </div>
        <div
          class="good"
        >
          <img
            alt="Macrame MAXI"
            class="good_img"
            src="/assets/catalogItems/Archna_Macrame_MAXI.svg"
          />
          <div>
             
            <strong>
              Knitted yarn
            </strong>
          </div>
          <strong>
            Macrame MAXI
          </strong>
          <div>
            74% merino, 26%  cotton
          </div>
          <div>
             weight: 
            50 g
          </div>
          <div>
            thread length: 
            80 m
          </div>
          <div>
             price: 
            10
             $.
          </div>
          <button
            class="good_btn-inactiv"
            type="button"
          >
            <img
              alt=""
              class="icon"
              src="basket_icon.svg"
            />
            Add
          </button>
        </div>
        <div
          class="good"
        >
          <img
            alt="Macrame MINI"
            class="good_img"
            src="/assets/catalogItems/Archna_Macrame_MINI.svg"
          />
          <div>
             
            <strong>
              Knitted yarn
            </strong>
          </div>
          <strong>
            Macrame MINI
          </strong>
          <div>
            74% merino, 26%  cotton
          </div>
          <div>
             weight: 
            50 g
          </div>
          <div>
            thread length: 
            80 m
          </div>
          <div>
             price: 
            10
             $.
          </div>
          <button
            class="good_btn-inactiv"
            type="button"
          >
            <img
              alt=""
              class="icon"
              src="basket_icon.svg"
            />
            Add
          </button>
        </div>
        <div
          class="good"
        >
          <img
            alt="Fibra Natura"
            class="good_img"
            src="/assets/catalogItems/Papyrus_Fibra_Natura.jpg"
          />
          <div>
             
            <strong>
              Knitted yarn
            </strong>
          </div>
          <strong>
            Fibra Natura
          </strong>
          <div>
            100%  cotton
          </div>
          <div>
             weight: 
            50 g
          </div>
          <div>
            thread length: 
            120 m
          </div>
          <div>
             price: 
            20
             $.
          </div>
          <button
            class="good_btn-inactiv"
            type="button"
          >
            <img
              alt=""
              class="icon"
              src="basket_icon.svg"
            />
            Add
          </button>
        </div>
        <div
          class="good"
        >
          <img
            alt="Angora Gold"
            class="good_img"
            src="/assets/catalogItems/Alize_Angora_Gold.jpg"
          />
          <div>
             
            <strong>
              Knitted yarn
            </strong>
          </div>
          <strong>
            Angora Gold
          </strong>
          <div>
            74% merino, 26%  cotton
          </div>
          <div>
             weight: 
            50 g
          </div>
          <div>
            thread length: 
            80 m
          </div>
          <div>
             price: 
            10
             $.
          </div>
          <button
            class="good_btn-inactiv"
            type="button"
          >
            <img
              alt=""
              class="icon"
              src="basket_icon.svg"
            />
            Add
          </button>
        </div>
        <div
          class="good"
        >
          <img
            alt="Flame"
            class="good_img"
            src="/assets/catalogItems/Vento_DItalia_Angora_Rabbit.jpg"
          />
          <div>
             
            <strong>
              Knitted yarn
            </strong>
          </div>
          <strong>
            Flame
          </strong>
          <div>
            70% fluff, 30% nylon
          </div>
          <div>
             weight: 
            50 g
          </div>
          <div>
            thread length: 
            350 m
          </div>
          <div>
             price: 
            52
             $.
          </div>
          <button
            class="good_btn-inactiv"
            type="button"
          >
            <img
              alt=""
              class="icon"
              src="basket_icon.svg"
            />
            Add
          </button>
        </div>
      </div>
    </div>
  </div>,
  "debug": [Function],
  "findAllByAltText": [Function],
  "findAllByDisplayValue": [Function],
  "findAllByLabelText": [Function],
  "findAllByPlaceholderText": [Function],
  "findAllByRole": [Function],
  "findAllByTestId": [Function],
  "findAllByText": [Function],
  "findAllByTitle": [Function],
  "findByAltText": [Function],
  "findByDisplayValue": [Function],
  "findByLabelText": [Function],
  "findByPlaceholderText": [Function],
  "findByRole": [Function],
  "findByTestId": [Function],
  "findByText": [Function],
  "findByTitle": [Function],
  "getAllByAltText": [Function],
  "getAllByDisplayValue": [Function],
  "getAllByLabelText": [Function],
  "getAllByPlaceholderText": [Function],
  "getAllByRole": [Function],
  "getAllByTestId": [Function],
  "getAllByText": [Function],
  "getAllByTitle": [Function],
  "getByAltText": [Function],
  "getByDisplayValue": [Function],
  "getByLabelText": [Function],
  "getByPlaceholderText": [Function],
  "getByRole": [Function],
  "getByTestId": [Function],
  "getByText": [Function],
  "getByTitle": [Function],
  "queryAllByAltText": [Function],
  "queryAllByDisplayValue": [Function],
  "queryAllByLabelText": [Function],
  "queryAllByPlaceholderText": [Function],
  "queryAllByRole": [Function],
  "queryAllByTestId": [Function],
  "queryAllByText": [Function],
  "queryAllByTitle": [Function],
  "queryByAltText": [Function],
  "queryByDisplayValue": [Function],
  "queryByLabelText": [Function],
  "queryByPlaceholderText": [Function],
  "queryByRole": [Function],
  "queryByTestId": [Function],
  "queryByText": [Function],
  "queryByTitle": [Function],
  "rerender": [Function],
  "unmount": [Function],
}
`;
